Picked up JAVA_TOOL_OPTIONS: -Dfile.encoding=UTF-8
[INFO] Scanning for projects...
[INFO] 
[INFO] ----------------------< com.pathshashtra:backend >----------------------
[INFO] Building pathshashtra-backend 1.0.0
[INFO]   from pom.xml
[INFO] --------------------------------[ jar ]---------------------------------
[INFO] 
[INFO] --- resources:3.3.1:resources (default-resources) @ backend ---
[INFO] Copying 1 resource from src\main\resources to target\classes
[INFO] Copying 0 resource from src\main\resources to target\classes
[INFO] 
[INFO] --- compiler:3.11.0:compile (default-compile) @ backend ---
[INFO] Changes detected - recompiling the module! :source
[INFO] Compiling 84 source files with javac [debug release 17] to target\classes
[INFO] -------------------------------------------------------------
[ERROR] COMPILATION ERROR : 
[INFO] -------------------------------------------------------------
[ERROR] /C:/Users/hp/Desktop/PathshashtraBackend/backend/src/main/java/com/pathshashtra/backend/career/CareerDTOs.java:[9,8] class CareerResult is public, should be declared in a file named CareerResult.java
[ERROR] /C:/Users/hp/Desktop/PathshashtraBackend/backend/src/main/java/com/pathshashtra/backend/career/CareerService.java:[64,66] cannot find symbol
  symbol:   method getAnswers()
  location: variable request of type com.pathshashtra.backend.career.CareerSubmitRequest
[ERROR] /C:/Users/hp/Desktop/PathshashtraBackend/backend/src/main/java/com/pathshashtra/backend/career/CareerService.java:[74,19] cannot find symbol
  symbol:   method setUser(com.pathshashtra.backend.user.User)
  location: variable assessment of type com.pathshashtra.backend.career.CareerAssessment
[ERROR] /C:/Users/hp/Desktop/PathshashtraBackend/backend/src/main/java/com/pathshashtra/backend/career/CareerService.java:[75,19] cannot find symbol
  symbol:   method setAnswersJson(java.lang.String)
  location: variable assessment of type com.pathshashtra.backend.career.CareerAssessment
[ERROR] /C:/Users/hp/Desktop/PathshashtraBackend/backend/src/main/java/com/pathshashtra/backend/career/CareerService.java:[76,19] cannot find symbol
  symbol:   method setResultJson(java.lang.String)
  location: variable assessment of type com.pathshashtra.backend.career.CareerAssessment
[ERROR] /C:/Users/hp/Desktop/PathshashtraBackend/backend/src/main/java/com/pathshashtra/backend/career/CareerService.java:[77,19] cannot find symbol
  symbol:   method setStatus(com.pathshashtra.backend.career.CareerAssessment.AssessmentStatus)
  location: variable assessment of type com.pathshashtra.backend.career.CareerAssessment
[ERROR] /C:/Users/hp/Desktop/PathshashtraBackend/backend/src/main/java/com/pathshashtra/backend/career/CareerService.java:[78,19] cannot find symbol
  symbol:   method setCompletedAt(java.time.LocalDateTime)
  location: variable assessment of type com.pathshashtra.backend.career.CareerAssessment
[ERROR] /C:/Users/hp/Desktop/PathshashtraBackend/backend/src/main/java/com/pathshashtra/backend/career/CareerService.java:[80,20] cannot find symbol
  symbol:   method getTopCareers()
  location: variable result of type com.pathshashtra.backend.career.CareerResult
[ERROR] /C:/Users/hp/Desktop/PathshashtraBackend/backend/src/main/java/com/pathshashtra/backend/career/CareerService.java:[81,43] cannot find symbol
  symbol:   method getTopCareers()
  location: variable result of type com.pathshashtra.backend.career.CareerResult
[ERROR] /C:/Users/hp/Desktop/PathshashtraBackend/backend/src/main/java/com/pathshashtra/backend/career/CareerService.java:[82,47] cannot find symbol
  symbol:   method getTopCareers()
  location: variable result of type com.pathshashtra.backend.career.CareerResult
[ERROR] /C:/Users/hp/Desktop/PathshashtraBackend/backend/src/main/java/com/pathshashtra/backend/career/CareerService.java:[93,75] cannot find symbol
  symbol:   method getId()
  location: variable user of type com.pathshashtra.backend.user.User
[ERROR] /C:/Users/hp/Desktop/PathshashtraBackend/backend/src/main/java/com/pathshashtra/backend/career/CareerService.java:[97,18] cannot find symbol
  symbol:   method getStatus()
  location: variable a of type com.pathshashtra.backend.career.CareerAssessment
[ERROR] /C:/Users/hp/Desktop/PathshashtraBackend/backend/src/main/java/com/pathshashtra/backend/career/CareerService.java:[97,82] cannot find symbol
  symbol:   method getResultJson()
  location: variable a of type com.pathshashtra.backend.career.CareerAssessment
[ERROR] /C:/Users/hp/Desktop/PathshashtraBackend/backend/src/main/java/com/pathshashtra/backend/career/CareerService.java:[99,56] cannot find symbol
  symbol:   method getResultJson()
  location: variable a of type com.pathshashtra.backend.career.CareerAssessment
[ERROR] /C:/Users/hp/Desktop/PathshashtraBackend/backend/src/main/java/com/pathshashtra/backend/career/CareerService.java:[105,30] cannot find symbol
  symbol:   method getCompletedAt()
  location: variable a of type com.pathshashtra.backend.career.CareerAssessment
[ERROR] /C:/Users/hp/Desktop/PathshashtraBackend/backend/src/main/java/com/pathshashtra/backend/career/CareerService.java:[104,35] cannot find symbol
  symbol:   method getPersonalitySummary()
  location: variable result of type com.pathshashtra.backend.career.CareerResult
[ERROR] /C:/Users/hp/Desktop/PathshashtraBackend/backend/src/main/java/com/pathshashtra/backend/career/CareerService.java:[103,30] cannot find symbol
  symbol:   method getTopMatchScore()
  location: variable a of type com.pathshashtra.backend.career.CareerAssessment
[ERROR] /C:/Users/hp/Desktop/PathshashtraBackend/backend/src/main/java/com/pathshashtra/backend/career/CareerService.java:[102,30] cannot find symbol
  symbol:   method getTopCareer()
  location: variable a of type com.pathshashtra.backend.career.CareerAssessment
[ERROR] /C:/Users/hp/Desktop/PathshashtraBackend/backend/src/main/java/com/pathshashtra/backend/career/CareerService.java:[101,30] cannot find symbol
  symbol:   method getId()
  location: variable a of type com.pathshashtra.backend.career.CareerAssessment
[ERROR] /C:/Users/hp/Desktop/PathshashtraBackend/backend/src/main/java/com/pathshashtra/backend/career/CareerService.java:[117,54] cannot find symbol
  symbol:   method getId()
  location: variable user of type com.pathshashtra.backend.user.User
[ERROR] /C:/Users/hp/Desktop/PathshashtraBackend/backend/src/main/java/com/pathshashtra/backend/career/CareerService.java:[120,23] cannot find symbol
  symbol:   method getResultJson()
  location: variable assessment of type com.pathshashtra.backend.career.CareerAssessment
[ERROR] /C:/Users/hp/Desktop/PathshashtraBackend/backend/src/main/java/com/pathshashtra/backend/career/CareerService.java:[123,38] cannot find symbol
  symbol:   method getResultJson()
  location: variable assessment of type com.pathshashtra.backend.career.CareerAssessment
[ERROR] /C:/Users/hp/Desktop/PathshashtraBackend/backend/src/main/java/com/pathshashtra/backend/career/CareerService.java:[135,40] cannot find symbol
  symbol:   method getName()
  location: variable user of type com.pathshashtra.backend.user.User
[ERROR] /C:/Users/hp/Desktop/PathshashtraBackend/backend/src/main/java/com/pathshashtra/backend/career/CareerService.java:[136,44] cannot find symbol
  symbol:   method getId()
  location: variable user of type com.pathshashtra.backend.user.User
[ERROR] /C:/Users/hp/Desktop/PathshashtraBackend/backend/src/main/java/com/pathshashtra/backend/career/CareerService.java:[154,29] constructor CareerPath in class com.pathshashtra.backend.career.CareerResult.CareerPath cannot be applied to given types;
  required: no arguments
  found:    java.lang.String,int,java.lang.String,java.util.List<java.lang.String>,java.lang.String,java.lang.String
  reason: actual and formal argument lists differ in length
[ERROR] /C:/Users/hp/Desktop/PathshashtraBackend/backend/src/main/java/com/pathshashtra/backend/career/CareerService.java:[174,49] constructor SalaryInsight in class com.pathshashtra.backend.career.CareerResult.SalaryInsight cannot be applied to given types;
  required: no arguments
  found:    java.lang.String,java.lang.String,java.lang.String,java.lang.String,java.lang.String,java.lang.String
  reason: actual and formal argument lists differ in length
[ERROR] /C:/Users/hp/Desktop/PathshashtraBackend/backend/src/main/java/com/pathshashtra/backend/career/CareerService.java:[186,27] constructor ActionStep in class com.pathshashtra.backend.career.CareerResult.ActionStep cannot be applied to given types;
  required: no arguments
  found:    int,java.lang.String,java.lang.String,java.lang.String
  reason: actual and formal argument lists differ in length
[ERROR] /C:/Users/hp/Desktop/PathshashtraBackend/backend/src/main/java/com/pathshashtra/backend/career/CareerService.java:[194,32] cannot find symbol
  symbol:   method builder()
  location: class com.pathshashtra.backend.career.CareerResult
[ERROR] /C:/Users/hp/Desktop/PathshashtraBackend/backend/src/main/java/com/pathshashtra/backend/profile/UserProfileService.java:[22,67] cannot find symbol
  symbol:   method getId()
  location: variable user of type com.pathshashtra.backend.user.User
[ERROR] /C:/Users/hp/Desktop/PathshashtraBackend/backend/src/main/java/com/pathshashtra/backend/profile/UserProfileService.java:[25,17] cannot find symbol
  symbol:   method setUser(com.pathshashtra.backend.user.User)
  location: variable existing of type com.pathshashtra.backend.profile.UserProfile
[ERROR] /C:/Users/hp/Desktop/PathshashtraBackend/backend/src/main/java/com/pathshashtra/backend/profile/UserProfileService.java:[26,43] cannot find symbol
  symbol:   method getEducationLevel()
  location: variable request of type com.pathshashtra.backend.profile.UserProfileRequest
[ERROR] /C:/Users/hp/Desktop/PathshashtraBackend/backend/src/main/java/com/pathshashtra/backend/profile/UserProfileService.java:[27,39] cannot find symbol
  symbol:   method getCareerGoal()
  location: variable request of type com.pathshashtra.backend.profile.UserProfileRequest
[ERROR] /C:/Users/hp/Desktop/PathshashtraBackend/backend/src/main/java/com/pathshashtra/backend/profile/UserProfileService.java:[28,44] cannot find symbol
  symbol:   method getExperienceLevel()
  location: variable request of type com.pathshashtra.backend.profile.UserProfileRequest
[ERROR] /C:/Users/hp/Desktop/PathshashtraBackend/backend/src/main/java/com/pathshashtra/backend/profile/UserProfileService.java:[29,35] cannot find symbol
  symbol:   method getSkills()
  location: variable request of type com.pathshashtra.backend.profile.UserProfileRequest
[ERROR] /C:/Users/hp/Desktop/PathshashtraBackend/backend/src/main/java/com/pathshashtra/backend/profile/UserProfileService.java:[37,51] cannot find symbol
  symbol:   method getId()
  location: variable user of type com.pathshashtra.backend.user.User
[ERROR] /C:/Users/hp/Desktop/PathshashtraBackend/backend/src/main/java/com/pathshashtra/backend/study/StudyPlanService.java:[48,50] cannot find symbol
  symbol:   method getId()
  location: variable user of type com.pathshashtra.backend.user.User
[ERROR] /C:/Users/hp/Desktop/PathshashtraBackend/backend/src/main/java/com/pathshashtra/backend/study/StudyPlanService.java:[54,70] cannot find symbol
  symbol:   method getName()
  location: variable user of type com.pathshashtra.backend.user.User
[ERROR] /C:/Users/hp/Desktop/PathshashtraBackend/backend/src/main/java/com/pathshashtra/backend/study/StudyPlanService.java:[57,13] cannot find symbol
  symbol:   method setUser(com.pathshashtra.backend.user.User)
  location: variable plan of type com.pathshashtra.backend.study.StudyPlan
[ERROR] /C:/Users/hp/Desktop/PathshashtraBackend/backend/src/main/java/com/pathshashtra/backend/study/StudyPlanService.java:[58,34] cannot find symbol
  symbol:   method getPlanTitle()
  location: variable request of type com.pathshashtra.backend.study.StudyPlanRequest
[ERROR] /C:/Users/hp/Desktop/PathshashtraBackend/backend/src/main/java/com/pathshashtra/backend/study/StudyPlanService.java:[59,33] cannot find symbol
  symbol:   method getExamDate()
  location: variable request of type com.pathshashtra.backend.study.StudyPlanRequest
[ERROR] /C:/Users/hp/Desktop/PathshashtraBackend/backend/src/main/java/com/pathshashtra/backend/study/StudyPlanService.java:[60,35] cannot find symbol
  symbol:   method getDailyHours()
  location: variable request of type com.pathshashtra.backend.study.StudyPlanRequest
[ERROR] /C:/Users/hp/Desktop/PathshashtraBackend/backend/src/main/java/com/pathshashtra/backend/study/StudyPlanService.java:[61,13] cannot find symbol
  symbol:   method setStartDate(java.time.LocalDate)
  location: variable plan of type com.pathshashtra.backend.study.StudyPlan
[ERROR] /C:/Users/hp/Desktop/PathshashtraBackend/backend/src/main/java/com/pathshashtra/backend/study/StudyPlanService.java:[62,13] cannot find symbol
  symbol:   method setPlanJson(java.lang.String)
  location: variable plan of type com.pathshashtra.backend.study.StudyPlan
[ERROR] /C:/Users/hp/Desktop/PathshashtraBackend/backend/src/main/java/com/pathshashtra/backend/study/StudyPlanService.java:[63,13] cannot find symbol
  symbol:   method setStatus(com.pathshashtra.backend.study.StudyPlan.PlanStatus)
  location: variable plan of type com.pathshashtra.backend.study.StudyPlan
[ERROR] /C:/Users/hp/Desktop/PathshashtraBackend/backend/src/main/java/com/pathshashtra/backend/study/StudyPlanService.java:[73,44] cannot find symbol
  symbol:   method getId()
  location: variable user of type com.pathshashtra.backend.user.User
[ERROR] /C:/Users/hp/Desktop/PathshashtraBackend/backend/src/main/java/com/pathshashtra/backend/study/StudyPlanService.java:[77,36] cannot find symbol
  symbol:   method getId()
  location: variable plan of type com.pathshashtra.backend.study.StudyPlan
[ERROR] /C:/Users/hp/Desktop/PathshashtraBackend/backend/src/main/java/com/pathshashtra/backend/study/StudyPlanService.java:[78,39] cannot find symbol
  symbol:   method getPlanTitle()
  location: variable plan of type com.pathshashtra.backend.study.StudyPlan
[ERROR] /C:/Users/hp/Desktop/PathshashtraBackend/backend/src/main/java/com/pathshashtra/backend/study/StudyPlanService.java:[79,38] cannot find symbol
  symbol:   method getExamDate()
  location: variable plan of type com.pathshashtra.backend.study.StudyPlan
[ERROR] /C:/Users/hp/Desktop/PathshashtraBackend/backend/src/main/java/com/pathshashtra/backend/study/StudyPlanService.java:[80,39] cannot find symbol
  symbol:   method getStartDate()
  location: variable plan of type com.pathshashtra.backend.study.StudyPlan
[ERROR] /C:/Users/hp/Desktop/PathshashtraBackend/backend/src/main/java/com/pathshashtra/backend/study/StudyPlanService.java:[81,84] cannot find symbol
  symbol:   method getExamDate()
  location: variable plan of type com.pathshashtra.backend.study.StudyPlan
[ERROR] /C:/Users/hp/Desktop/PathshashtraBackend/backend/src/main/java/com/pathshashtra/backend/study/StudyPlanService.java:[84,64] cannot find symbol
  symbol:   method getPlanJson()
  location: variable plan of type com.pathshashtra.backend.study.StudyPlan
[ERROR] /C:/Users/hp/Desktop/PathshashtraBackend/backend/src/main/java/com/pathshashtra/backend/study/StudyPlanService.java:[86,38] cannot find symbol
  symbol:   method getPlanJson()
  location: variable plan of type com.pathshashtra.backend.study.StudyPlan
[ERROR] /C:/Users/hp/Desktop/PathshashtraBackend/backend/src/main/java/com/pathshashtra/backend/study/StudyPlanService.java:[95,44] cannot find symbol
  symbol:   method getId()
  location: variable user of type com.pathshashtra.backend.user.User
[ERROR] /C:/Users/hp/Desktop/PathshashtraBackend/backend/src/main/java/com/pathshashtra/backend/study/StudyPlanService.java:[98,59] cannot find symbol
  symbol:   method getStartDate()
  location: variable plan of type com.pathshashtra.backend.study.StudyPlan
[ERROR] /C:/Users/hp/Desktop/PathshashtraBackend/backend/src/main/java/com/pathshashtra/backend/study/StudyPlanService.java:[103,79] cannot find symbol
  symbol:   method getId()
  location: variable plan of type com.pathshashtra.backend.study.StudyPlan
[ERROR] /C:/Users/hp/Desktop/PathshashtraBackend/backend/src/main/java/com/pathshashtra/backend/study/StudyPlanService.java:[110,60] cannot find symbol
  symbol:   method getTopicId()
  location: variable request of type com.pathshashtra.backend.study.TopicProgressRequest
[ERROR] /C:/Users/hp/Desktop/PathshashtraBackend/backend/src/main/java/com/pathshashtra/backend/study/StudyPlanService.java:[113,19] cannot find symbol
  symbol:   method getStudyPlan()
  location: variable topic of type com.pathshashtra.backend.study.StudyTopic
[ERROR] /C:/Users/hp/Desktop/PathshashtraBackend/backend/src/main/java/com/pathshashtra/backend/study/StudyPlanService.java:[113,64] cannot find symbol
  symbol:   method getId()
  location: variable user of type com.pathshashtra.backend.user.User
[ERROR] /C:/Users/hp/Desktop/PathshashtraBackend/backend/src/main/java/com/pathshashtra/backend/study/StudyPlanService.java:[117,32] cannot find symbol
  symbol:   method getStatus()
  location: variable request of type com.pathshashtra.backend.study.TopicProgressRequest
[ERROR] /C:/Users/hp/Desktop/PathshashtraBackend/backend/src/main/java/com/pathshashtra/backend/study/StudyPlanService.java:[118,41] cannot find symbol
  symbol:   method getConfidenceScore()
  location: variable request of type com.pathshashtra.backend.study.TopicProgressRequest
[ERROR] /C:/Users/hp/Desktop/PathshashtraBackend/backend/src/main/java/com/pathshashtra/backend/study/StudyPlanService.java:[119,33] cannot find symbol
  symbol:   method getConfidenceScore()
  location: variable request of type com.pathshashtra.backend.study.TopicProgressRequest
[ERROR] /C:/Users/hp/Desktop/PathshashtraBackend/backend/src/main/java/com/pathshashtra/backend/study/StudyPlanService.java:[120,27] cannot find symbol
  symbol:   method getStatus()
  location: variable request of type com.pathshashtra.backend.study.TopicProgressRequest
[ERROR] /C:/Users/hp/Desktop/PathshashtraBackend/backend/src/main/java/com/pathshashtra/backend/study/StudyPlanService.java:[121,14] cannot find symbol
  symbol:   method setWeak(boolean)
  location: variable topic of type com.pathshashtra.backend.study.StudyTopic
[ERROR] /C:/Users/hp/Desktop/PathshashtraBackend/backend/src/main/java/com/pathshashtra/backend/study/StudyPlanService.java:[129,44] cannot find symbol
  symbol:   method getId()
  location: variable user of type com.pathshashtra.backend.user.User
[ERROR] /C:/Users/hp/Desktop/PathshashtraBackend/backend/src/main/java/com/pathshashtra/backend/study/StudyPlanService.java:[131,63] cannot find symbol
  symbol:   method getId()
  location: variable plan of type com.pathshashtra.backend.study.StudyPlan
[ERROR] /C:/Users/hp/Desktop/PathshashtraBackend/backend/src/main/java/com/pathshashtra/backend/study/StudyPlanService.java:[137,44] cannot find symbol
  symbol:   method getId()
  location: variable user of type com.pathshashtra.backend.user.User
[ERROR] /C:/Users/hp/Desktop/PathshashtraBackend/backend/src/main/java/com/pathshashtra/backend/study/StudyPlanService.java:[140,76] cannot find symbol
  symbol:   method getId()
  location: variable plan of type com.pathshashtra.backend.study.StudyPlan
[ERROR] /C:/Users/hp/Desktop/PathshashtraBackend/backend/src/main/java/com/pathshashtra/backend/study/StudyPlanService.java:[143,31] cannot find symbol
  symbol:   method getStatus()
  location: variable t of type com.pathshashtra.backend.study.StudyTopic
[ERROR] /C:/Users/hp/Desktop/PathshashtraBackend/backend/src/main/java/com/pathshashtra/backend/study/StudyPlanService.java:[146,79] cannot find symbol
  symbol:   method getId()
  location: variable plan of type com.pathshashtra.backend.study.StudyPlan
[ERROR] /C:/Users/hp/Desktop/PathshashtraBackend/backend/src/main/java/com/pathshashtra/backend/study/StudyPlanService.java:[153,33] constructor SubjectProgress in class com.pathshashtra.backend.study.StudyProgressResponse.SubjectProgress cannot be applied to given types;
  required: no arguments
  found:    java.lang.String,int,int,int
  reason: actual and formal argument lists differ in length
[ERROR] /C:/Users/hp/Desktop/PathshashtraBackend/backend/src/main/java/com/pathshashtra/backend/study/StudyPlanService.java:[156,57] invalid method reference
  cannot find symbol
    symbol:   method isWeak(T)
    location: class com.pathshashtra.backend.study.StudyTopic
[ERROR] /C:/Users/hp/Desktop/PathshashtraBackend/backend/src/main/java/com/pathshashtra/backend/study/StudyPlanService.java:[157,75] cannot find symbol
  symbol:   method getExamDate()
  location: variable plan of type com.pathshashtra.backend.study.StudyPlan
[ERROR] /C:/Users/hp/Desktop/PathshashtraBackend/backend/src/main/java/com/pathshashtra/backend/study/StudyPlanService.java:[159,16] constructor StudyProgressResponse in class com.pathshashtra.backend.study.StudyProgressResponse cannot be applied to given types;
  required: no arguments
  found:    int,int,int,java.util.List<com.pathshashtra.backend.study.StudyProgressResponse.SubjectProgress>,int,long
  reason: actual and formal argument lists differ in length
[ERROR] /C:/Users/hp/Desktop/PathshashtraBackend/backend/src/main/java/com/pathshashtra/backend/study/StudyPlanService.java:[173,82] cannot find symbol
  symbol:   method getId()
  location: variable plan of type com.pathshashtra.backend.study.StudyPlan
[ERROR] /C:/Users/hp/Desktop/PathshashtraBackend/backend/src/main/java/com/pathshashtra/backend/study/StudyPlanService.java:[191,30] cannot find symbol
  symbol:   method setStudyPlan(com.pathshashtra.backend.study.StudyPlan)
  location: variable topic of type com.pathshashtra.backend.study.StudyTopic
[ERROR] /C:/Users/hp/Desktop/PathshashtraBackend/backend/src/main/java/com/pathshashtra/backend/study/StudyPlanService.java:[192,30] cannot find symbol
  symbol:   method setSubject(java.lang.String)
  location: variable topic of type com.pathshashtra.backend.study.StudyTopic
[ERROR] /C:/Users/hp/Desktop/PathshashtraBackend/backend/src/main/java/com/pathshashtra/backend/study/StudyPlanService.java:[193,30] cannot find symbol
  symbol:   method setTopicName(java.lang.String)
  location: variable topic of type com.pathshashtra.backend.study.StudyTopic
[ERROR] /C:/Users/hp/Desktop/PathshashtraBackend/backend/src/main/java/com/pathshashtra/backend/study/StudyPlanService.java:[194,30] cannot find symbol
  symbol:   method setWeekNumber(int)
  location: variable topic of type com.pathshashtra.backend.study.StudyTopic
[ERROR] /C:/Users/hp/Desktop/PathshashtraBackend/backend/src/main/java/com/pathshashtra/backend/study/StudyPlanService.java:[195,30] cannot find symbol
  symbol:   method setDayNumber(int)
  location: variable topic of type com.pathshashtra.backend.study.StudyTopic
[ERROR] /C:/Users/hp/Desktop/PathshashtraBackend/backend/src/main/java/com/pathshashtra/backend/study/StudyPlanService.java:[196,30] cannot find symbol
  symbol:   method setStatus(com.pathshashtra.backend.study.StudyTopic.TopicStatus)
  location: variable topic of type com.pathshashtra.backend.study.StudyTopic
[ERROR] /C:/Users/hp/Desktop/PathshashtraBackend/backend/src/main/java/com/pathshashtra/backend/study/StudyPlanService.java:[197,30] cannot find symbol
  symbol:   method setConfidenceScore(int)
  location: variable topic of type com.pathshashtra.backend.study.StudyTopic
[ERROR] /C:/Users/hp/Desktop/PathshashtraBackend/backend/src/main/java/com/pathshashtra/backend/study/StudyPlanService.java:[198,30] cannot find symbol
  symbol:   method setWeak(boolean)
  location: variable topic of type com.pathshashtra.backend.study.StudyTopic
[ERROR] /C:/Users/hp/Desktop/PathshashtraBackend/backend/src/main/java/com/pathshashtra/backend/study/StudyPlanService.java:[205,78] cannot find symbol
  symbol:   method getId()
  location: variable plan of type com.pathshashtra.backend.study.StudyPlan
[ERROR] /C:/Users/hp/Desktop/PathshashtraBackend/backend/src/main/java/com/pathshashtra/backend/study/StudyPlanService.java:[208,66] cannot find symbol
  symbol:   method getId()
  location: variable plan of type com.pathshashtra.backend.study.StudyPlan
[ERROR] /C:/Users/hp/Desktop/PathshashtraBackend/backend/src/main/java/com/pathshashtra/backend/study/GrokStudyPlanService.java:[31,74] cannot find symbol
  symbol:   method getExamDate()
  location: variable request of type com.pathshashtra.backend.study.StudyPlanRequest
[ERROR] /C:/Users/hp/Desktop/PathshashtraBackend/backend/src/main/java/com/pathshashtra/backend/study/GrokStudyPlanService.java:[83,25] cannot find symbol
  symbol:   method getPlanTitle()
  location: variable request of type com.pathshashtra.backend.study.StudyPlanRequest
[ERROR] /C:/Users/hp/Desktop/PathshashtraBackend/backend/src/main/java/com/pathshashtra/backend/study/GrokStudyPlanService.java:[84,25] cannot find symbol
  symbol:   method getExamType()
  location: variable request of type com.pathshashtra.backend.study.StudyPlanRequest
[ERROR] /C:/Users/hp/Desktop/PathshashtraBackend/backend/src/main/java/com/pathshashtra/backend/study/GrokStudyPlanService.java:[85,25] cannot find symbol
  symbol:   method getCurrentLevel()
  location: variable request of type com.pathshashtra.backend.study.StudyPlanRequest
[ERROR] /C:/Users/hp/Desktop/PathshashtraBackend/backend/src/main/java/com/pathshashtra/backend/study/GrokStudyPlanService.java:[86,43] cannot find symbol
  symbol:   method getSubjects()
  location: variable request of type com.pathshashtra.backend.study.StudyPlanRequest
[ERROR] /C:/Users/hp/Desktop/PathshashtraBackend/backend/src/main/java/com/pathshashtra/backend/study/GrokStudyPlanService.java:[88,16] cannot find symbol
  symbol:   method getDailyHours()
  location: variable request of type com.pathshashtra.backend.study.StudyPlanRequest
[ERROR] /C:/Users/hp/Desktop/PathshashtraBackend/backend/src/main/java/com/pathshashtra/backend/study/StudyReminderService.java:[60,78] cannot find symbol
  symbol:   method getExamDate()
  location: variable plan of type com.pathshashtra.backend.study.StudyPlan
[ERROR] /C:/Users/hp/Desktop/PathshashtraBackend/backend/src/main/java/com/pathshashtra/backend/study/StudyReminderService.java:[63,67] cannot find symbol
  symbol:   method getStartDate()
  location: variable plan of type com.pathshashtra.backend.study.StudyPlan
[ERROR] /C:/Users/hp/Desktop/PathshashtraBackend/backend/src/main/java/com/pathshashtra/backend/study/StudyReminderService.java:[68,73] cannot find symbol
  symbol:   method getId()
  location: variable plan of type com.pathshashtra.backend.study.StudyPlan
[ERROR] /C:/Users/hp/Desktop/PathshashtraBackend/backend/src/main/java/com/pathshashtra/backend/study/StudyReminderService.java:[70,33] cannot find symbol
  symbol:   method getUser()
  location: variable plan of type com.pathshashtra.backend.study.StudyPlan
[ERROR] /C:/Users/hp/Desktop/PathshashtraBackend/backend/src/main/java/com/pathshashtra/backend/study/StudyReminderService.java:[71,34] cannot find symbol
  symbol:   method getEmail()
  location: variable user of type com.pathshashtra.backend.user.User
[ERROR] /C:/Users/hp/Desktop/PathshashtraBackend/backend/src/main/java/com/pathshashtra/backend/study/StudyReminderService.java:[71,51] cannot find symbol
  symbol:   method getName()
  location: variable user of type com.pathshashtra.backend.user.User
[ERROR] /C:/Users/hp/Desktop/PathshashtraBackend/backend/src/main/java/com/pathshashtra/backend/study/StudyReminderService.java:[71,67] cannot find symbol
  symbol:   method getPlanTitle()
  location: variable plan of type com.pathshashtra.backend.study.StudyPlan
[ERROR] /C:/Users/hp/Desktop/PathshashtraBackend/backend/src/main/java/com/pathshashtra/backend/study/StudyReminderService.java:[75,74] cannot find symbol
  symbol:   method getId()
  location: variable plan of type com.pathshashtra.backend.study.StudyPlan
[ERROR] /C:/Users/hp/Desktop/PathshashtraBackend/backend/src/main/java/com/pathshashtra/backend/study/StudyReminderService.java:[92,43] cannot find symbol
  symbol:   method getTopicName()
  location: variable t of type com.pathshashtra.backend.study.StudyTopic
[ERROR] /C:/Users/hp/Desktop/PathshashtraBackend/backend/src/main/java/com/pathshashtra/backend/study/StudyReminderService.java:[93,41] cannot find symbol
  symbol:   method getSubject()
  location: variable t of type com.pathshashtra.backend.study.StudyTopic
[INFO] 100 errors 
[INFO] -------------------------------------------------------------
[INFO] ------------------------------------------------------------------------
[INFO] BUILD FAILURE
[INFO] ------------------------------------------------------------------------
[INFO] Total time:  3.732 s
[INFO] Finished at: 2026-04-11T20:55:31+05:30
[INFO] ------------------------------------------------------------------------
[ERROR] Failed to execute goal org.apache.maven.plugins:maven-compiler-plugin:3.11.0:compile (default-compile) on project backend: Compilation failure: Compilation failure: 
[ERROR] /C:/Users/hp/Desktop/PathshashtraBackend/backend/src/main/java/com/pathshashtra/backend/career/CareerDTOs.java:[9,8] class CareerResult is public, should be declared in a file named CareerResult.java
[ERROR] /C:/Users/hp/Desktop/PathshashtraBackend/backend/src/main/java/com/pathshashtra/backend/career/CareerService.java:[64,66] cannot find symbol
[ERROR]   symbol:   method getAnswers()
[ERROR]   location: variable request of type com.pathshashtra.backend.career.CareerSubmitRequest
[ERROR] /C:/Users/hp/Desktop/PathshashtraBackend/backend/src/main/java/com/pathshashtra/backend/career/CareerService.java:[74,19] cannot find symbol
[ERROR]   symbol:   method setUser(com.pathshashtra.backend.user.User)
[ERROR]   location: variable assessment of type com.pathshashtra.backend.career.CareerAssessment
[ERROR] /C:/Users/hp/Desktop/PathshashtraBackend/backend/src/main/java/com/pathshashtra/backend/career/CareerService.java:[75,19] cannot find symbol
[ERROR]   symbol:   method setAnswersJson(java.lang.String)
[ERROR]   location: variable assessment of type com.pathshashtra.backend.career.CareerAssessment
[ERROR] /C:/Users/hp/Desktop/PathshashtraBackend/backend/src/main/java/com/pathshashtra/backend/career/CareerService.java:[76,19] cannot find symbol
[ERROR]   symbol:   method setResultJson(java.lang.String)
[ERROR]   location: variable assessment of type com.pathshashtra.backend.career.CareerAssessment
[ERROR] /C:/Users/hp/Desktop/PathshashtraBackend/backend/src/main/java/com/pathshashtra/backend/career/CareerService.java:[77,19] cannot find symbol
[ERROR]   symbol:   method setStatus(com.pathshashtra.backend.career.CareerAssessment.AssessmentStatus)
[ERROR]   location: variable assessment of type com.pathshashtra.backend.career.CareerAssessment
[ERROR] /C:/Users/hp/Desktop/PathshashtraBackend/backend/src/main/java/com/pathshashtra/backend/career/CareerService.java:[78,19] cannot find symbol
[ERROR]   symbol:   method setCompletedAt(java.time.LocalDateTime)
[ERROR]   location: variable assessment of type com.pathshashtra.backend.career.CareerAssessment
[ERROR] /C:/Users/hp/Desktop/PathshashtraBackend/backend/src/main/java/com/pathshashtra/backend/career/CareerService.java:[80,20] cannot find symbol
[ERROR]   symbol:   method getTopCareers()
[ERROR]   location: variable result of type com.pathshashtra.backend.career.CareerResult
[ERROR] /C:/Users/hp/Desktop/PathshashtraBackend/backend/src/main/java/com/pathshashtra/backend/career/CareerService.java:[81,43] cannot find symbol
[ERROR]   symbol:   method getTopCareers()
[ERROR]   location: variable result of type com.pathshashtra.backend.career.CareerResult
[ERROR] /C:/Users/hp/Desktop/PathshashtraBackend/backend/src/main/java/com/pathshashtra/backend/career/CareerService.java:[82,47] cannot find symbol
[ERROR]   symbol:   method getTopCareers()
[ERROR]   location: variable result of type com.pathshashtra.backend.career.CareerResult
[ERROR] /C:/Users/hp/Desktop/PathshashtraBackend/backend/src/main/java/com/pathshashtra/backend/career/CareerService.java:[93,75] cannot find symbol
[ERROR]   symbol:   method getId()
[ERROR]   location: variable user of type com.pathshashtra.backend.user.User
[ERROR] /C:/Users/hp/Desktop/PathshashtraBackend/backend/src/main/java/com/pathshashtra/backend/career/CareerService.java:[97,18] cannot find symbol
[ERROR]   symbol:   method getStatus()
[ERROR]   location: variable a of type com.pathshashtra.backend.career.CareerAssessment
[ERROR] /C:/Users/hp/Desktop/PathshashtraBackend/backend/src/main/java/com/pathshashtra/backend/career/CareerService.java:[97,82] cannot find symbol
[ERROR]   symbol:   method getResultJson()
[ERROR]   location: variable a of type com.pathshashtra.backend.career.CareerAssessment
[ERROR] /C:/Users/hp/Desktop/PathshashtraBackend/backend/src/main/java/com/pathshashtra/backend/career/CareerService.java:[99,56] cannot find symbol
[ERROR]   symbol:   method getResultJson()
[ERROR]   location: variable a of type com.pathshashtra.backend.career.CareerAssessment
[ERROR] /C:/Users/hp/Desktop/PathshashtraBackend/backend/src/main/java/com/pathshashtra/backend/career/CareerService.java:[105,30] cannot find symbol
[ERROR]   symbol:   method getCompletedAt()
[ERROR]   location: variable a of type com.pathshashtra.backend.career.CareerAssessment
[ERROR] /C:/Users/hp/Desktop/PathshashtraBackend/backend/src/main/java/com/pathshashtra/backend/career/CareerService.java:[104,35] cannot find symbol
[ERROR]   symbol:   method getPersonalitySummary()
[ERROR]   location: variable result of type com.pathshashtra.backend.career.CareerResult
[ERROR] /C:/Users/hp/Desktop/PathshashtraBackend/backend/src/main/java/com/pathshashtra/backend/career/CareerService.java:[103,30] cannot find symbol
[ERROR]   symbol:   method getTopMatchScore()
[ERROR]   location: variable a of type com.pathshashtra.backend.career.CareerAssessment
[ERROR] /C:/Users/hp/Desktop/PathshashtraBackend/backend/src/main/java/com/pathshashtra/backend/career/CareerService.java:[102,30] cannot find symbol
[ERROR]   symbol:   method getTopCareer()
[ERROR]   location: variable a of type com.pathshashtra.backend.career.CareerAssessment
[ERROR] /C:/Users/hp/Desktop/PathshashtraBackend/backend/src/main/java/com/pathshashtra/backend/career/CareerService.java:[101,30] cannot find symbol
[ERROR]   symbol:   method getId()
[ERROR]   location: variable a of type com.pathshashtra.backend.career.CareerAssessment
[ERROR] /C:/Users/hp/Desktop/PathshashtraBackend/backend/src/main/java/com/pathshashtra/backend/career/CareerService.java:[117,54] cannot find symbol
[ERROR]   symbol:   method getId()
[ERROR]   location: variable user of type com.pathshashtra.backend.user.User
[ERROR] /C:/Users/hp/Desktop/PathshashtraBackend/backend/src/main/java/com/pathshashtra/backend/career/CareerService.java:[120,23] cannot find symbol
[ERROR]   symbol:   method getResultJson()
[ERROR]   location: variable assessment of type com.pathshashtra.backend.career.CareerAssessment
[ERROR] /C:/Users/hp/Desktop/PathshashtraBackend/backend/src/main/java/com/pathshashtra/backend/career/CareerService.java:[123,38] cannot find symbol
[ERROR]   symbol:   method getResultJson()
[ERROR]   location: variable assessment of type com.pathshashtra.backend.career.CareerAssessment
[ERROR] /C:/Users/hp/Desktop/PathshashtraBackend/backend/src/main/java/com/pathshashtra/backend/career/CareerService.java:[135,40] cannot find symbol
[ERROR]   symbol:   method getName()
[ERROR]   location: variable user of type com.pathshashtra.backend.user.User
[ERROR] /C:/Users/hp/Desktop/PathshashtraBackend/backend/src/main/java/com/pathshashtra/backend/career/CareerService.java:[136,44] cannot find symbol
[ERROR]   symbol:   method getId()
[ERROR]   location: variable user of type com.pathshashtra.backend.user.User
[ERROR] /C:/Users/hp/Desktop/PathshashtraBackend/backend/src/main/java/com/pathshashtra/backend/career/CareerService.java:[154,29] constructor CareerPath in class com.pathshashtra.backend.career.CareerResult.CareerPath cannot be applied to given types;
[ERROR]   required: no arguments
[ERROR]   found:    java.lang.String,int,java.lang.String,java.util.List<java.lang.String>,java.lang.String,java.lang.String
[ERROR]   reason: actual and formal argument lists differ in length
[ERROR] /C:/Users/hp/Desktop/PathshashtraBackend/backend/src/main/java/com/pathshashtra/backend/career/CareerService.java:[174,49] constructor SalaryInsight in class com.pathshashtra.backend.career.CareerResult.SalaryInsight cannot be applied to given types;
[ERROR]   required: no arguments
[ERROR]   found:    java.lang.String,java.lang.String,java.lang.String,java.lang.String,java.lang.String,java.lang.String
[ERROR]   reason: actual and formal argument lists differ in length
[ERROR] /C:/Users/hp/Desktop/PathshashtraBackend/backend/src/main/java/com/pathshashtra/backend/career/CareerService.java:[186,27] constructor ActionStep in class com.pathshashtra.backend.career.CareerResult.ActionStep cannot be applied to given types;
[ERROR]   required: no arguments
[ERROR]   found:    int,java.lang.String,java.lang.String,java.lang.String
[ERROR]   reason: actual and formal argument lists differ in length
[ERROR] /C:/Users/hp/Desktop/PathshashtraBackend/backend/src/main/java/com/pathshashtra/backend/career/CareerService.java:[194,32] cannot find symbol
[ERROR]   symbol:   method builder()
[ERROR]   location: class com.pathshashtra.backend.career.CareerResult
[ERROR] /C:/Users/hp/Desktop/PathshashtraBackend/backend/src/main/java/com/pathshashtra/backend/profile/UserProfileService.java:[22,67] cannot find symbol
[ERROR]   symbol:   method getId()
[ERROR]   location: variable user of type com.pathshashtra.backend.user.User
[ERROR] /C:/Users/hp/Desktop/PathshashtraBackend/backend/src/main/java/com/pathshashtra/backend/profile/UserProfileService.java:[25,17] cannot find symbol
[ERROR]   symbol:   method setUser(com.pathshashtra.backend.user.User)
[ERROR]   location: variable existing of type com.pathshashtra.backend.profile.UserProfile
[ERROR] /C:/Users/hp/Desktop/PathshashtraBackend/backend/src/main/java/com/pathshashtra/backend/profile/UserProfileService.java:[26,43] cannot find symbol
[ERROR]   symbol:   method getEducationLevel()
[ERROR]   location: variable request of type com.pathshashtra.backend.profile.UserProfileRequest
[ERROR] /C:/Users/hp/Desktop/PathshashtraBackend/backend/src/main/java/com/pathshashtra/backend/profile/UserProfileService.java:[27,39] cannot find symbol
[ERROR]   symbol:   method getCareerGoal()
[ERROR]   location: variable request of type com.pathshashtra.backend.profile.UserProfileRequest
[ERROR] /C:/Users/hp/Desktop/PathshashtraBackend/backend/src/main/java/com/pathshashtra/backend/profile/UserProfileService.java:[28,44] cannot find symbol
[ERROR]   symbol:   method getExperienceLevel()
[ERROR]   location: variable request of type com.pathshashtra.backend.profile.UserProfileRequest
[ERROR] /C:/Users/hp/Desktop/PathshashtraBackend/backend/src/main/java/com/pathshashtra/backend/profile/UserProfileService.java:[29,35] cannot find symbol
[ERROR]   symbol:   method getSkills()
[ERROR]   location: variable request of type com.pathshashtra.backend.profile.UserProfileRequest
[ERROR] /C:/Users/hp/Desktop/PathshashtraBackend/backend/src/main/java/com/pathshashtra/backend/profile/UserProfileService.java:[37,51] cannot find symbol
[ERROR]   symbol:   method getId()
[ERROR]   location: variable user of type com.pathshashtra.backend.user.User
[ERROR] /C:/Users/hp/Desktop/PathshashtraBackend/backend/src/main/java/com/pathshashtra/backend/study/StudyPlanService.java:[48,50] cannot find symbol
[ERROR]   symbol:   method getId()
[ERROR]   location: variable user of type com.pathshashtra.backend.user.User
[ERROR] /C:/Users/hp/Desktop/PathshashtraBackend/backend/src/main/java/com/pathshashtra/backend/study/StudyPlanService.java:[54,70] cannot find symbol
[ERROR]   symbol:   method getName()
[ERROR]   location: variable user of type com.pathshashtra.backend.user.User
[ERROR] /C:/Users/hp/Desktop/PathshashtraBackend/backend/src/main/java/com/pathshashtra/backend/study/StudyPlanService.java:[57,13] cannot find symbol
[ERROR]   symbol:   method setUser(com.pathshashtra.backend.user.User)
[ERROR]   location: variable plan of type com.pathshashtra.backend.study.StudyPlan
[ERROR] /C:/Users/hp/Desktop/PathshashtraBackend/backend/src/main/java/com/pathshashtra/backend/study/StudyPlanService.java:[58,34] cannot find symbol
[ERROR]   symbol:   method getPlanTitle()
[ERROR]   location: variable request of type com.pathshashtra.backend.study.StudyPlanRequest
[ERROR] /C:/Users/hp/Desktop/PathshashtraBackend/backend/src/main/java/com/pathshashtra/backend/study/StudyPlanService.java:[59,33] cannot find symbol
[ERROR]   symbol:   method getExamDate()
[ERROR]   location: variable request of type com.pathshashtra.backend.study.StudyPlanRequest
[ERROR] /C:/Users/hp/Desktop/PathshashtraBackend/backend/src/main/java/com/pathshashtra/backend/study/StudyPlanService.java:[60,35] cannot find symbol
[ERROR]   symbol:   method getDailyHours()
[ERROR]   location: variable request of type com.pathshashtra.backend.study.StudyPlanRequest
[ERROR] /C:/Users/hp/Desktop/PathshashtraBackend/backend/src/main/java/com/pathshashtra/backend/study/StudyPlanService.java:[61,13] cannot find symbol
[ERROR]   symbol:   method setStartDate(java.time.LocalDate)
[ERROR]   location: variable plan of type com.pathshashtra.backend.study.StudyPlan
[ERROR] /C:/Users/hp/Desktop/PathshashtraBackend/backend/src/main/java/com/pathshashtra/backend/study/StudyPlanService.java:[62,13] cannot find symbol
[ERROR]   symbol:   method setPlanJson(java.lang.String)
[ERROR]   location: variable plan of type com.pathshashtra.backend.study.StudyPlan
[ERROR] /C:/Users/hp/Desktop/PathshashtraBackend/backend/src/main/java/com/pathshashtra/backend/study/StudyPlanService.java:[63,13] cannot find symbol
[ERROR]   symbol:   method setStatus(com.pathshashtra.backend.study.StudyPlan.PlanStatus)
[ERROR]   location: variable plan of type com.pathshashtra.backend.study.StudyPlan
[ERROR] /C:/Users/hp/Desktop/PathshashtraBackend/backend/src/main/java/com/pathshashtra/backend/study/StudyPlanService.java:[73,44] cannot find symbol
[ERROR]   symbol:   method getId()
[ERROR]   location: variable user of type com.pathshashtra.backend.user.User
[ERROR] /C:/Users/hp/Desktop/PathshashtraBackend/backend/src/main/java/com/pathshashtra/backend/study/StudyPlanService.java:[77,36] cannot find symbol
[ERROR]   symbol:   method getId()
[ERROR]   location: variable plan of type com.pathshashtra.backend.study.StudyPlan
[ERROR] /C:/Users/hp/Desktop/PathshashtraBackend/backend/src/main/java/com/pathshashtra/backend/study/StudyPlanService.java:[78,39] cannot find symbol
[ERROR]   symbol:   method getPlanTitle()
[ERROR]   location: variable plan of type com.pathshashtra.backend.study.StudyPlan
[ERROR] /C:/Users/hp/Desktop/PathshashtraBackend/backend/src/main/java/com/pathshashtra/backend/study/StudyPlanService.java:[79,38] cannot find symbol
[ERROR]   symbol:   method getExamDate()
[ERROR]   location: variable plan of type com.pathshashtra.backend.study.StudyPlan
[ERROR] /C:/Users/hp/Desktop/PathshashtraBackend/backend/src/main/java/com/pathshashtra/backend/study/StudyPlanService.java:[80,39] cannot find symbol
[ERROR]   symbol:   method getStartDate()
[ERROR]   location: variable plan of type com.pathshashtra.backend.study.StudyPlan
[ERROR] /C:/Users/hp/Desktop/PathshashtraBackend/backend/src/main/java/com/pathshashtra/backend/study/StudyPlanService.java:[81,84] cannot find symbol
[ERROR]   symbol:   method getExamDate()
[ERROR]   location: variable plan of type com.pathshashtra.backend.study.StudyPlan
[ERROR] /C:/Users/hp/Desktop/PathshashtraBackend/backend/src/main/java/com/pathshashtra/backend/study/StudyPlanService.java:[84,64] cannot find symbol
[ERROR]   symbol:   method getPlanJson()
[ERROR]   location: variable plan of type com.pathshashtra.backend.study.StudyPlan
[ERROR] /C:/Users/hp/Desktop/PathshashtraBackend/backend/src/main/java/com/pathshashtra/backend/study/StudyPlanService.java:[86,38] cannot find symbol
[ERROR]   symbol:   method getPlanJson()
[ERROR]   location: variable plan of type com.pathshashtra.backend.study.StudyPlan
[ERROR] /C:/Users/hp/Desktop/PathshashtraBackend/backend/src/main/java/com/pathshashtra/backend/study/StudyPlanService.java:[95,44] cannot find symbol
[ERROR]   symbol:   method getId()
[ERROR]   location: variable user of type com.pathshashtra.backend.user.User
[ERROR] /C:/Users/hp/Desktop/PathshashtraBackend/backend/src/main/java/com/pathshashtra/backend/study/StudyPlanService.java:[98,59] cannot find symbol
[ERROR]   symbol:   method getStartDate()
[ERROR]   location: variable plan of type com.pathshashtra.backend.study.StudyPlan
[ERROR] /C:/Users/hp/Desktop/PathshashtraBackend/backend/src/main/java/com/pathshashtra/backend/study/StudyPlanService.java:[103,79] cannot find symbol
[ERROR]   symbol:   method getId()
[ERROR]   location: variable plan of type com.pathshashtra.backend.study.StudyPlan
[ERROR] /C:/Users/hp/Desktop/PathshashtraBackend/backend/src/main/java/com/pathshashtra/backend/study/StudyPlanService.java:[110,60] cannot find symbol
[ERROR]   symbol:   method getTopicId()
[ERROR]   location: variable request of type com.pathshashtra.backend.study.TopicProgressRequest
[ERROR] /C:/Users/hp/Desktop/PathshashtraBackend/backend/src/main/java/com/pathshashtra/backend/study/StudyPlanService.java:[113,19] cannot find symbol
[ERROR]   symbol:   method getStudyPlan()
[ERROR]   location: variable topic of type com.pathshashtra.backend.study.StudyTopic
[ERROR] /C:/Users/hp/Desktop/PathshashtraBackend/backend/src/main/java/com/pathshashtra/backend/study/StudyPlanService.java:[113,64] cannot find symbol
[ERROR]   symbol:   method getId()
[ERROR]   location: variable user of type com.pathshashtra.backend.user.User
[ERROR] /C:/Users/hp/Desktop/PathshashtraBackend/backend/src/main/java/com/pathshashtra/backend/study/StudyPlanService.java:[117,32] cannot find symbol
[ERROR]   symbol:   method getStatus()
[ERROR]   location: variable request of type com.pathshashtra.backend.study.TopicProgressRequest
[ERROR] /C:/Users/hp/Desktop/PathshashtraBackend/backend/src/main/java/com/pathshashtra/backend/study/StudyPlanService.java:[118,41] cannot find symbol
[ERROR]   symbol:   method getConfidenceScore()
[ERROR]   location: variable request of type com.pathshashtra.backend.study.TopicProgressRequest
[ERROR] /C:/Users/hp/Desktop/PathshashtraBackend/backend/src/main/java/com/pathshashtra/backend/study/StudyPlanService.java:[119,33] cannot find symbol
[ERROR]   symbol:   method getConfidenceScore()
[ERROR]   location: variable request of type com.pathshashtra.backend.study.TopicProgressRequest
[ERROR] /C:/Users/hp/Desktop/PathshashtraBackend/backend/src/main/java/com/pathshashtra/backend/study/StudyPlanService.java:[120,27] cannot find symbol
[ERROR]   symbol:   method getStatus()
[ERROR]   location: variable request of type com.pathshashtra.backend.study.TopicProgressRequest
[ERROR] /C:/Users/hp/Desktop/PathshashtraBackend/backend/src/main/java/com/pathshashtra/backend/study/StudyPlanService.java:[121,14] cannot find symbol
[ERROR]   symbol:   method setWeak(boolean)
[ERROR]   location: variable topic of type com.pathshashtra.backend.study.StudyTopic
[ERROR] /C:/Users/hp/Desktop/PathshashtraBackend/backend/src/main/java/com/pathshashtra/backend/study/StudyPlanService.java:[129,44] cannot find symbol
[ERROR]   symbol:   method getId()
[ERROR]   location: variable user of type com.pathshashtra.backend.user.User
[ERROR] /C:/Users/hp/Desktop/PathshashtraBackend/backend/src/main/java/com/pathshashtra/backend/study/StudyPlanService.java:[131,63] cannot find symbol
[ERROR]   symbol:   method getId()
[ERROR]   location: variable plan of type com.pathshashtra.backend.study.StudyPlan
[ERROR] /C:/Users/hp/Desktop/PathshashtraBackend/backend/src/main/java/com/pathshashtra/backend/study/StudyPlanService.java:[137,44] cannot find symbol
[ERROR]   symbol:   method getId()
[ERROR]   location: variable user of type com.pathshashtra.backend.user.User
[ERROR] /C:/Users/hp/Desktop/PathshashtraBackend/backend/src/main/java/com/pathshashtra/backend/study/StudyPlanService.java:[140,76] cannot find symbol
[ERROR]   symbol:   method getId()
[ERROR]   location: variable plan of type com.pathshashtra.backend.study.StudyPlan
[ERROR] /C:/Users/hp/Desktop/PathshashtraBackend/backend/src/main/java/com/pathshashtra/backend/study/StudyPlanService.java:[143,31] cannot find symbol
[ERROR]   symbol:   method getStatus()
[ERROR]   location: variable t of type com.pathshashtra.backend.study.StudyTopic
[ERROR] /C:/Users/hp/Desktop/PathshashtraBackend/backend/src/main/java/com/pathshashtra/backend/study/StudyPlanService.java:[146,79] cannot find symbol
[ERROR]   symbol:   method getId()
[ERROR]   location: variable plan of type com.pathshashtra.backend.study.StudyPlan
[ERROR] /C:/Users/hp/Desktop/PathshashtraBackend/backend/src/main/java/com/pathshashtra/backend/study/StudyPlanService.java:[153,33] constructor SubjectProgress in class com.pathshashtra.backend.study.StudyProgressResponse.SubjectProgress cannot be applied to given types;
[ERROR]   required: no arguments
[ERROR]   found:    java.lang.String,int,int,int
[ERROR]   reason: actual and formal argument lists differ in length
[ERROR] /C:/Users/hp/Desktop/PathshashtraBackend/backend/src/main/java/com/pathshashtra/backend/study/StudyPlanService.java:[156,57] invalid method reference
[ERROR]   cannot find symbol
[ERROR]     symbol:   method isWeak(T)
[ERROR]     location: class com.pathshashtra.backend.study.StudyTopic
[ERROR] /C:/Users/hp/Desktop/PathshashtraBackend/backend/src/main/java/com/pathshashtra/backend/study/StudyPlanService.java:[157,75] cannot find symbol
[ERROR]   symbol:   method getExamDate()
[ERROR]   location: variable plan of type com.pathshashtra.backend.study.StudyPlan
[ERROR] /C:/Users/hp/Desktop/PathshashtraBackend/backend/src/main/java/com/pathshashtra/backend/study/StudyPlanService.java:[159,16] constructor StudyProgressResponse in class com.pathshashtra.backend.study.StudyProgressResponse cannot be applied to given types;
[ERROR]   required: no arguments
[ERROR]   found:    int,int,int,java.util.List<com.pathshashtra.backend.study.StudyProgressResponse.SubjectProgress>,int,long
[ERROR]   reason: actual and formal argument lists differ in length
[ERROR] /C:/Users/hp/Desktop/PathshashtraBackend/backend/src/main/java/com/pathshashtra/backend/study/StudyPlanService.java:[173,82] cannot find symbol
[ERROR]   symbol:   method getId()
[ERROR]   location: variable plan of type com.pathshashtra.backend.study.StudyPlan
[ERROR] /C:/Users/hp/Desktop/PathshashtraBackend/backend/src/main/java/com/pathshashtra/backend/study/StudyPlanService.java:[191,30] cannot find symbol
[ERROR]   symbol:   method setStudyPlan(com.pathshashtra.backend.study.StudyPlan)
[ERROR]   location: variable topic of type com.pathshashtra.backend.study.StudyTopic
[ERROR] /C:/Users/hp/Desktop/PathshashtraBackend/backend/src/main/java/com/pathshashtra/backend/study/StudyPlanService.java:[192,30] cannot find symbol
[ERROR]   symbol:   method setSubject(java.lang.String)
[ERROR]   location: variable topic of type com.pathshashtra.backend.study.StudyTopic
[ERROR] /C:/Users/hp/Desktop/PathshashtraBackend/backend/src/main/java/com/pathshashtra/backend/study/StudyPlanService.java:[193,30] cannot find symbol
[ERROR]   symbol:   method setTopicName(java.lang.String)
[ERROR]   location: variable topic of type com.pathshashtra.backend.study.StudyTopic
[ERROR] /C:/Users/hp/Desktop/PathshashtraBackend/backend/src/main/java/com/pathshashtra/backend/study/StudyPlanService.java:[194,30] cannot find symbol
[ERROR]   symbol:   method setWeekNumber(int)
[ERROR]   location: variable topic of type com.pathshashtra.backend.study.StudyTopic
[ERROR] /C:/Users/hp/Desktop/PathshashtraBackend/backend/src/main/java/com/pathshashtra/backend/study/StudyPlanService.java:[195,30] cannot find symbol
[ERROR]   symbol:   method setDayNumber(int)
[ERROR]   location: variable topic of type com.pathshashtra.backend.study.StudyTopic
[ERROR] /C:/Users/hp/Desktop/PathshashtraBackend/backend/src/main/java/com/pathshashtra/backend/study/StudyPlanService.java:[196,30] cannot find symbol
[ERROR]   symbol:   method setStatus(com.pathshashtra.backend.study.StudyTopic.TopicStatus)
[ERROR]   location: variable topic of type com.pathshashtra.backend.study.StudyTopic
[ERROR] /C:/Users/hp/Desktop/PathshashtraBackend/backend/src/main/java/com/pathshashtra/backend/study/StudyPlanService.java:[197,30] cannot find symbol
[ERROR]   symbol:   method setConfidenceScore(int)
[ERROR]   location: variable topic of type com.pathshashtra.backend.study.StudyTopic
[ERROR] /C:/Users/hp/Desktop/PathshashtraBackend/backend/src/main/java/com/pathshashtra/backend/study/StudyPlanService.java:[198,30] cannot find symbol
[ERROR]   symbol:   method setWeak(boolean)
[ERROR]   location: variable topic of type com.pathshashtra.backend.study.StudyTopic
[ERROR] /C:/Users/hp/Desktop/PathshashtraBackend/backend/src/main/java/com/pathshashtra/backend/study/StudyPlanService.java:[205,78] cannot find symbol
[ERROR]   symbol:   method getId()
[ERROR]   location: variable plan of type com.pathshashtra.backend.study.StudyPlan
[ERROR] /C:/Users/hp/Desktop/PathshashtraBackend/backend/src/main/java/com/pathshashtra/backend/study/StudyPlanService.java:[208,66] cannot find symbol
[ERROR]   symbol:   method getId()
[ERROR]   location: variable plan of type com.pathshashtra.backend.study.StudyPlan
[ERROR] /C:/Users/hp/Desktop/PathshashtraBackend/backend/src/main/java/com/pathshashtra/backend/study/GrokStudyPlanService.java:[31,74] cannot find symbol
[ERROR]   symbol:   method getExamDate()
[ERROR]   location: variable request of type com.pathshashtra.backend.study.StudyPlanRequest
[ERROR] /C:/Users/hp/Desktop/PathshashtraBackend/backend/src/main/java/com/pathshashtra/backend/study/GrokStudyPlanService.java:[83,25] cannot find symbol
[ERROR]   symbol:   method getPlanTitle()
[ERROR]   location: variable request of type com.pathshashtra.backend.study.StudyPlanRequest
[ERROR] /C:/Users/hp/Desktop/PathshashtraBackend/backend/src/main/java/com/pathshashtra/backend/study/GrokStudyPlanService.java:[84,25] cannot find symbol
[ERROR]   symbol:   method getExamType()
[ERROR]   location: variable request of type com.pathshashtra.backend.study.StudyPlanRequest
[ERROR] /C:/Users/hp/Desktop/PathshashtraBackend/backend/src/main/java/com/pathshashtra/backend/study/GrokStudyPlanService.java:[85,25] cannot find symbol
[ERROR]   symbol:   method getCurrentLevel()
[ERROR]   location: variable request of type com.pathshashtra.backend.study.StudyPlanRequest
[ERROR] /C:/Users/hp/Desktop/PathshashtraBackend/backend/src/main/java/com/pathshashtra/backend/study/GrokStudyPlanService.java:[86,43] cannot find symbol
[ERROR]   symbol:   method getSubjects()
[ERROR]   location: variable request of type com.pathshashtra.backend.study.StudyPlanRequest
[ERROR] /C:/Users/hp/Desktop/PathshashtraBackend/backend/src/main/java/com/pathshashtra/backend/study/GrokStudyPlanService.java:[88,16] cannot find symbol
[ERROR]   symbol:   method getDailyHours()
[ERROR]   location: variable request of type com.pathshashtra.backend.study.StudyPlanRequest
[ERROR] /C:/Users/hp/Desktop/PathshashtraBackend/backend/src/main/java/com/pathshashtra/backend/study/StudyReminderService.java:[60,78] cannot find symbol
[ERROR]   symbol:   method getExamDate()
[ERROR]   location: variable plan of type com.pathshashtra.backend.study.StudyPlan
[ERROR] /C:/Users/hp/Desktop/PathshashtraBackend/backend/src/main/java/com/pathshashtra/backend/study/StudyReminderService.java:[63,67] cannot find symbol
[ERROR]   symbol:   method getStartDate()
[ERROR]   location: variable plan of type com.pathshashtra.backend.study.StudyPlan
[ERROR] /C:/Users/hp/Desktop/PathshashtraBackend/backend/src/main/java/com/pathshashtra/backend/study/StudyReminderService.java:[68,73] cannot find symbol
[ERROR]   symbol:   method getId()
[ERROR]   location: variable plan of type com.pathshashtra.backend.study.StudyPlan
[ERROR] /C:/Users/hp/Desktop/PathshashtraBackend/backend/src/main/java/com/pathshashtra/backend/study/StudyReminderService.java:[70,33] cannot find symbol
[ERROR]   symbol:   method getUser()
[ERROR]   location: variable plan of type com.pathshashtra.backend.study.StudyPlan
[ERROR] /C:/Users/hp/Desktop/PathshashtraBackend/backend/src/main/java/com/pathshashtra/backend/study/StudyReminderService.java:[71,34] cannot find symbol
[ERROR]   symbol:   method getEmail()
[ERROR]   location: variable user of type com.pathshashtra.backend.user.User
[ERROR] /C:/Users/hp/Desktop/PathshashtraBackend/backend/src/main/java/com/pathshashtra/backend/study/StudyReminderService.java:[71,51] cannot find symbol
[ERROR]   symbol:   method getName()
[ERROR]   location: variable user of type com.pathshashtra.backend.user.User
[ERROR] /C:/Users/hp/Desktop/PathshashtraBackend/backend/src/main/java/com/pathshashtra/backend/study/StudyReminderService.java:[71,67] cannot find symbol
[ERROR]   symbol:   method getPlanTitle()
[ERROR]   location: variable plan of type com.pathshashtra.backend.study.StudyPlan
[ERROR] /C:/Users/hp/Desktop/PathshashtraBackend/backend/src/main/java/com/pathshashtra/backend/study/StudyReminderService.java:[75,74] cannot find symbol
[ERROR]   symbol:   method getId()
[ERROR]   location: variable plan of type com.pathshashtra.backend.study.StudyPlan
[ERROR] /C:/Users/hp/Desktop/PathshashtraBackend/backend/src/main/java/com/pathshashtra/backend/study/StudyReminderService.java:[92,43] cannot find symbol
[ERROR]   symbol:   method getTopicName()
[ERROR]   location: variable t of type com.pathshashtra.backend.study.StudyTopic
[ERROR] /C:/Users/hp/Desktop/PathshashtraBackend/backend/src/main/java/com/pathshashtra/backend/study/StudyReminderService.java:[93,41] cannot find symbol
[ERROR]   symbol:   method getSubject()
[ERROR]   location: variable t of type com.pathshashtra.backend.study.StudyTopic
[ERROR] -> [Help 1]
[ERROR] 
[ERROR] To see the full stack trace of the errors, re-run Maven with the -e switch.
[ERROR] Re-run Maven using the -X switch to enable full debug logging.
[ERROR] 
[ERROR] For more information about the errors and possible solutions, please read the following articles:
[ERROR] [Help 1] http://cwiki.apache.org/confluence/display/MAVEN/MojoFailureException
